// Jest Snapshot v1, https://goo.gl/fbAQLP

exports[`GridContent shoul render with empty children 1`] = `
<div class="ant-pro-grid-content">
  <div class="ant-pro-grid-content-children">
    <!---->
  </div>
</div>
`;
